Unrslvd Out:                   D322SAL015-1 BAA4-13.26 In: D:\PRIME\CADUPD~1\PROJECT\L3\P7\M5\30705A4A.CAD
Unrslvd Out:                  D322SAF-M601A BAR6-08.26 In: D:\PRIME\CADUPD~1\PROJECT\L3\P7\M5\30705R6A.CAD
Unrslvd Out:                  D322SAF-M601B BAR7-08.26 In: D:\PRIME\CADUPD~1\PROJECT\L3\P7\M5\30705R7A.CAD
Unrslvd Out:                  D322SAF-M601C BAR8-08.26 In: D:\PRIME\CADUPD~1\PROJECT\L3\P7\M5\30705R8A.CAD
Unrslvd Out:            DI1-13B/322SP-M208A BA13-05.23 In: D:\PRIME\CADUPD~1\PROJECT\L3\P7\M5\3070513A.CAD
Unrslvd Out:                       DI1-15B/ BA15-06.23 In: D:\PRIME\CADUPD~1\PROJECT\L3\P7\M5\3070515A.CAD
Unrslvd Out:            DI4-32A/322SP-M208B BA32-08.14 In: D:\PRIME\CADUPD~1\PROJECT\L3\P7\M5\3070532A.CAD
Unrslvd Out:                       DI5-13A/ BA13-09.15 In: D:\PRIME\CADUPD~1\PROJECT\L3\P7\M5\3070513A.CAD
Unrslvd Out:                       DI3-14B/ BA14-08.23 In: D:\PRIME\CADUPD~1\PROJECT\L3\P7\M5\3070514A.CAD
Unrslvd Out:                       DI2-16A/ BA16-06.14 In: D:\PRIME\CADUPD~1\PROJECT\L3\P7\M5\3070516A.CAD
Unrslvd Out:                       DI5-13B/ BA13-09.23 In: D:\PRIME\CADUPD~1\PROJECT\L3\P7\M5\3070513A.CAD
Unrslvd Out:                       DI6-13A/ BA13-10.15 In: D:\PRIME\CADUPD~1\PROJECT\L3\P7\M5\3070513A.CAD
Unrslvd Out:                       DI3-15B/ BA15-08.23 In: D:\PRIME\CADUPD~1\PROJECT\L3\P7\M5\3070515A.CAD
Unrslvd Out:                       DI4-15A/ BA15-09.14 In: D:\PRIME\CADUPD~1\PROJECT\L3\P7\M5\3070515A.CAD
Unrslvd Out:                       DI4-32B/ BA32-08.22 In: D:\PRIME\CADUPD~1\PROJECT\L3\P7\M5\3070532A.CAD
Unrslvd Out:                        DI4-26B BA26-09.23 In: D:\PRIME\CADUPD~1\PROJECT\L3\P7\M5\3070526A.CAD
Unrslvd Out:                       DI6-13B/ BA13-10.23 In: D:\PRIME\CADUPD~1\PROJECT\L3\P7\M5\3070513A.CAD
Unrslvd Out:                       DI7-30B/ BA30-11.22 In: D:\PRIME\CADUPD~1\PROJECT\L3\P7\M5\3070530A.CAD
Unrslvd Out:                       DI5-32B/ BA32-09.22 In: D:\PRIME\CADUPD~1\PROJECT\L3\P7\M5\3070532A.CAD
Unrslvd Out:                       DI7-13B/ BA13-11.23 In: D:\PRIME\CADUPD~1\PROJECT\L3\P7\M5\3070513A.CAD
Unrslvd Out:                       DI6-14B/ BA14-11.23 In: D:\PRIME\CADUPD~1\PROJECT\L3\P7\M5\3070514A.CAD
Unrslvd Out:                       DI5-15B/ BA15-10.23 In: D:\PRIME\CADUPD~1\PROJECT\L3\P7\M5\3070515A.CAD
Unrslvd Out:                       DI6-15A/ BA15-11.14 In: D:\PRIME\CADUPD~1\PROJECT\L3\P7\M5\3070515A.CAD
Unrslvd Out:                       DI6-32B/ BA32-10.22 In: D:\PRIME\CADUPD~1\PROJECT\L3\P7\M5\3070532A.CAD
Unrslvd Out:                       DI7-14B/ BA14-12.23 In: D:\PRIME\CADUPD~1\PROJECT\L3\P7\M5\3070514A.CAD
Unrslvd Out:                       DI7-32B/ BA32-11.22 In: D:\PRIME\CADUPD~1\PROJECT\L3\P7\M5\3070532A.CAD
Unrslvd Out:            DI4-18B/322SP-M604A BA18-09.22 In: D:\PRIME\CADUPD~1\PROJECT\L3\P7\M5\3070518A.CAD
Unrslvd Out:                       DI7-15B/ BA15-12.23 In: D:\PRIME\CADUPD~1\PROJECT\L3\P7\M5\3070515A.CAD
Unrslvd Out:                       DI3-29A/ BA29-07.13 In: D:\PRIME\CADUPD~1\PROJECT\L3\P7\M5\3070529A.CAD
Unrslvd Out:              FB4-10/322XS-M113 BA10-08.12 In: D:\PRIME\CADUPD~1\PROJECT\L3\P7\M5\3070510A.CAD
Unrslvd Out:                       DI5-19A/ BA19-09.15 In: D:\PRIME\CADUPD~1\PROJECT\L3\P7\M5\3070519A.CAD
Unrslvd Out:                   322AUX-M208C BAO8-02.26 In: D:\PRIME\CADUPD~1\PROJECT\L3\P7\M5\30705O8A.CAD
Unrslvd Out:                   D322SAP-M102 BAL4-11.26 In: D:\PRIME\CADUPD~1\PROJECT\L3\P7\M5\30705L4A.CAD
Unrslvd Out:                   D322SAP-M105 BAL5-11.26 In: D:\PRIME\CADUPD~1\PROJECT\L3\P7\M5\30705L5A.CAD
Unrslvd Out:                       DI7-18B/ BA18-12.22 In: D:\PRIME\CADUPD~1\PROJECT\L3\P7\M5\3070518A.CAD
Unrslvd Out:                     D322SAL131 BAA2-07.26 In: D:\PRIME\CADUPD~1\PROJECT\L3\P7\M5\30705A2A.CAD
Unrslvd Out:                        DI1-5A/ BA05-04.14 In: D:\PRIME\CADUPD~1\PROJECT\L3\P7\M5\3070505A.CAD
Unrslvd Out:              DI2-30B/322ZS651C BA30-06.22 In: D:\PRIME\CADUPD~1\PROJECT\L3\P7\M5\3070530A.CAD
Unrslvd Out:                     D322SAL612 BAI9-09.26 In: D:\PRIME\CADUPD~1\PROJECT\L3\P7\M5\30705I9A.CAD
Unrslvd Out:              DI3-30B/322ZS651D BA30-07.22 In: D:\PRIME\CADUPD~1\PROJECT\L3\P7\M5\3070530A.CAD
Unrslvd Out:                     D322SAL633 BAJ9-06.26 In: D:\PRIME\CADUPD~1\PROJECT\L3\P7\M5\30705J9A.CAD
Unrslvd Out:                        DI4-5B/ BA05-07.22 In: D:\PRIME\CADUPD~1\PROJECT\L3\P7\M5\3070505A.CAD
Unrslvd Out:                        DI5-5A/ BA05-08.14 In: D:\PRIME\CADUPD~1\PROJECT\L3\P7\M5\3070505A.CAD
Unrslvd Out:                        DI3-6B/ BA06-06.21 In: D:\PRIME\CADUPD~1\PROJECT\L3\P7\M5\3070506A.CAD
Unrslvd Out:                   D322BYP-M131 BAN6-10.26 In: D:\PRIME\CADUPD~1\PROJECT\L3\P7\M5\30705N6A.CAD
Unrslvd Out:                        DI5-5B/ BA05-08.22 In: D:\PRIME\CADUPD~1\PROJECT\L3\P7\M5\3070505A.CAD
Unrslvd Out:                   D32ZAS408C/D BAG5-12.26 In: D:\PRIME\CADUPD~1\PROJECT\L3\P7\M5\30705G5A.CAD
Unrslvd Out:             AI3-SL12/322FT-652 BA12-04.19 In: D:\PRIME\CADUPD~1\PROJECT\L3\P7\M5\3070512A.CAD
Unrslvd Out:                        DI6-5B/ BA05-09.22 In: D:\PRIME\CADUPD~1\PROJECT\L3\P7\M5\3070505A.CAD
Unrslvd Out:                        DI6-6A/ BA06-09.14 In: D:\PRIME\CADUPD~1\PROJECT\L3\P7\M5\3070506A.CAD
Unrslvd Out:           DI1-32B/322STR-M208B BA32-05.22 In: D:\PRIME\CADUPD~1\PROJECT\L3\P7\M5\3070532A.CAD
Unrslvd Out:                   D322AUX-M223 BAP8-04.26 In: D:\PRIME\CADUPD~1\PROJECT\L3\P7\M5\30705P8A.CAD
Unrslvd Out:              DI4-28B/322ZS607A BA28-09.21 In: D:\PRIME\CADUPD~1\PROJECT\L3\P7\M5\3070528A.CAD
Unrslvd Out:              DI6-6B/322SP-M122 BA06-09.21 In: D:\PRIME\CADUPD~1\PROJECT\L3\P7\M5\3070506A.CAD
Unrslvd Out:                      322AI-500 BAH0-07.26 In: D:\PRIME\CADUPD~1\PROJECT\L3\P7\M5\30705H0A.CAD
Unrslvd Out:                     322TI-150A BAC4-01.26 In: D:\PRIME\CADUPD~1\PROJECT\L3\P7\M5\30705C4A.CAD
Unrslvd Out:                     322TI-150B BAC4-03.26 In: D:\PRIME\CADUPD~1\PROJECT\L3\P7\M5\30705C4A.CAD
Unrslvd Out:              AI1-SL8/322ST-015 BA08-03.20 In: D:\PRIME\CADUPD~1\PROJECT\L3\P7\M5\3070508A.CAD
