Unrslvd Inp:               AI8-44/282AT-385 AI85-01.07 In: D:\PROJECT\L2\P12\M10\2121085A.CAD
Unrslvd Inp:             COMMON STACK FLOW  AI86-06.07 In: D:\PROJECT\L2\P12\M10\2121086A.CAD
Unrslvd Out:                       AI12-44/ AI44-13.19 In: D:\PROJECT\L2\P12\M10\2121044A.CAD
Unrslvd Out:                       AI13-44/ AI44-13.19 In: D:\PROJECT\L2\P12\M10\2121044A.CAD
Unrslvd Out:                       AI14-44/ AI44-14.19 In: D:\PROJECT\L2\P12\M10\2121044A.CAD
Unrslvd Out:                     282LAL-115 AI70-08.26 In: D:\PROJECT\L2\P12\M10\2121070A.CAD
Unrslvd Out:                       AI15-44/ AI44-14.19 In: D:\PROJECT\L2\P12\M10\2121044A.CAD
Unrslvd Out:               AI2-35/282CT-334 AI35-03.19 In: D:\PROJECT\L2\P12\M10\2121035A.CAD
Unrslvd Out:         AUX LUBE OIL PUMP NO.1 AII6-05.26 In: D:\PROJECT\L2\P12\M10\21210I6A.CAD
Unrslvd Out:             DI3-23B/331SAL-305 AI23-07.27 In: D:\PROJECT\L2\P12\M10\2121023A.CAD
Unrslvd Out:                     331AX-M305 AIQ2-13.26 In: D:\PROJECT\L2\P12\M10\21210Q2A.CAD
Unrslvd Out:                     A282FR405B AIA3-08.26 In: D:\PROJECT\L2\P12\M10\21210A3A.CAD
Unrslvd Out:                        AI1-35/ AI35-02.19 In: D:\PROJECT\L2\P12\M10\2121035A.CAD
Unrslvd Out:                      A282FI505 AIG0-08.26 In: D:\PROJECT\L2\P12\M10\21210G0A.CAD
Unrslvd Out:                     A282PI128A AI72-07.26 In: D:\PROJECT\L2\P12\M10\2121072A.CAD
Unrslvd Out:                        AI4-44/ AI44-04.19 In: D:\PROJECT\L2\P12\M10\2121044A.CAD
Unrslvd Out:                       DI4-21B/ AI21-08.27 In: D:\PROJECT\L2\P12\M10\2121021A.CAD
Unrslvd Out:                       DI5-21B/ AI21-09.27 In: D:\PROJECT\L2\P12\M10\2121021A.CAD
Unrslvd Out:                       DI7-22B/ AI22-11.27 In: D:\PROJECT\L2\P12\M10\2121022A.CAD
Unrslvd Out:       MULTI FUEL BLR ANN ALARM AIZ0-05.26 In: D:\PROJECT\L2\P12\M10\21210Z0A.CAD
Unrslvd Out:                  282PR128 ALRM AI72-04.26 In: D:\PROJECT\L2\P12\M10\2121072A.CAD
Unrslvd Out:                        DI6-28A AI28-10.13 In: D:\PROJECT\L2\P12\M10\2121028A.CAD
Unrslvd Out:                       DI7-25B/ AI25-11.27 In: D:\PROJECT\L2\P12\M10\2121025A.CAD
Unrslvd Out:                       DI7-26A/ AI26-11.13 In: D:\PROJECT\L2\P12\M10\2121026A.CAD
Unrslvd Out:  MFB ANNUCIATOR CRITICAL ALARM AIZ0-11.26 In: D:\PROJECT\L2\P12\M10\21210Z0A.CAD
Unrslvd Out:                       DI5-29A/ AI29-09.13 In: D:\PROJECT\L2\P12\M10\2121029A.CAD
Unrslvd Out:                       DI5-29B/ AI29-09.27 In: D:\PROJECT\L2\P12\M10\2121029A.CAD
Unrslvd Out:                       DI6-29A/ AI29-10.13 In: D:\PROJECT\L2\P12\M10\2121029A.CAD
Unrslvd Out:                       DI7-28B/ AI28-11.27 In: D:\PROJECT\L2\P12\M10\2121028A.CAD
Unrslvd Out:                       DI6-29B/ AI29-10.27 In: D:\PROJECT\L2\P12\M10\2121029A.CAD
Unrslvd Out:                       DI7-29A/ AI29-11.13 In: D:\PROJECT\L2\P12\M10\2121029A.CAD
Unrslvd Out:                      A331WI441 AIM5-05.26 In: D:\PROJECT\L2\P12\M10\21210M5A.CAD
Unrslvd Out:           DI3-R22A/331SP-M108A AI37-07.13 In: D:\PROJECT\L2\P12\M10\2121037A.CAD
Unrslvd Out:              COMMON STACK FLOW AI83-06.26 In: D:\PROJECT\L2\P12\M10\2121083A.CAD
Unrslvd Out:           DI3-R22B/331SP-M108B AI37-07.27 In: D:\PROJECT\L2\P12\M10\2121037A.CAD
Unrslvd Out:           DI4-R22B/331ST-M108B AI37-08.27 In: D:\PROJECT\L2\P12\M10\2121037A.CAD
Unrslvd Out:                      DI6-R24B/ AI39-10.27 In: D:\PROJECT\L2\P12\M10\2121039A.CAD
Unrslvd Out:          LUBE PUMP START REQ'D AII7-05.26 In: D:\PROJECT\L2\P12\M10\21210I7A.CAD
Unrslvd Out:                      DI7-R24B/ AI39-11.27 In: D:\PROJECT\L2\P12\M10\2121039A.CAD
Unrslvd Out:                      DI7-R25B/ AI40-11.27 In: D:\PROJECT\L2\P12\M10\2121040A.CAD
Unrslvd Out:           DI5-R22A/331XS-M108A AI37-09.13 In: D:\PROJECT\L2\P12\M10\2121037A.CAD
Unrslvd Out:                 AI4-9/282FT406 AI09-05.20 In: D:\PROJECT\L2\P12\M10\2121009A.CAD
Unrslvd Out:                DO5-4B/282MC520 AIC4-07.26 In: D:\PROJECT\L2\P12\M10\21210C4A.CAD
Unrslvd Out:                  D282IA1-M108B AIN2-09.26 In: D:\PROJECT\L2\P12\M10\21210N2A.CAD
Unrslvd Out:                   D331IA1-M302 AIP6-04.26 In: D:\PROJECT\L2\P12\M10\21210P6A.CAD
Unrslvd Out:              DI6-25B/331SSL110 AI25-10.27 In: D:\PROJECT\L2\P12\M10\2121025A.CAD
Unrslvd Out:              DI6-16B/282LSL408 AI16-10.27 In: D:\PROJECT\L2\P12\M10\2121016A.CAD
Unrslvd Out:                     M902-ALARM AII6-14.26 In: D:\PROJECT\L2\P12\M10\21210I6A.CAD
Unrslvd Out:              DI6-27A/331SSL207 AI27-10.13 In: D:\PROJECT\L2\P12\M10\2121027A.CAD
Unrslvd Out:                     M903-ALARM AII7-14.26 In: D:\PROJECT\L2\P12\M10\21210I7A.CAD
Unrslvd Out:               DO8-1A/282XS1416 AIC4-02.26 In: D:\PROJECT\L2\P12\M10\21210C4A.CAD
Unrslvd Out:               DO8-1B/282XS2416 AIC4-05.26 In: D:\PROJECT\L2\P12\M10\21210C4A.CAD
Unrslvd Out:          MFB ANNUNCIATOR ALARM AIZ0-07.26 In: D:\PROJECT\L2\P12\M10\21210Z0A.CAD
Unrslvd Out:             282PI-128 HI-ALARM AI72-05.26 In: D:\PROJECT\L2\P12\M10\2121072A.CAD
