
2071000C.CAD - processing...
2071002C.CAD - processing...
2071003C.CAD - processing...
2071004C.CAD - processing...
2071005C.CAD - processing...
2071006C.CAD - processing...
2071007C.CAD - processing...
2071008C.CAD - processing...
2071009C.CAD - processing...
2071010C.CAD - processing...
2071011C.CAD - processing...
2071012C.CAD - processing...
2071013C.CAD - processing...
2071014C.CAD - processing...
2071015C.CAD - processing...
2071016C.CAD - processing...
2071017C.CAD - processing...
2071018C.CAD - processing...
2071019C.CAD - processing...
2071020C.CAD - processing...
2071021C.CAD - processing...
2071022C.CAD - processing...
2071023C.CAD - processing...
2071024C.CAD - processing...
2071025C.CAD - processing...
2071026C.CAD - processing...
2071028C.CAD - processing...
2071029C.CAD - processing...
2071031C.CAD - processing...
2071032C.CAD - processing...
2071033C.CAD - processing...
2071034C.CAD - processing...
2071035C.CAD - processing...
2071036C.CAD - processing...
2071037C.CAD - processing...
2071038C.CAD - processing...
2071039C.CAD - processing...
2071040C.CAD - processing...
2071041C.CAD - processing...
2071042C.CAD - processing...
2071043C.CAD - processing...
2071044C.CAD - processing...
2071047C.CAD - processing...
2071048C.CAD - processing...
2071049C.CAD - processing...
2071050C.CAD - processing...
2071051C.CAD - processing...
2071052C.CAD - processing...
2071053C.CAD - processing...
2071054C.CAD - processing...
2071055C.CAD - processing...
2071056C.CAD - processing...
2071057C.CAD - processing...
2071058C.CAD - processing...
2071059C.CAD - processing...
2071060C.CAD - processing...
2071061C.CAD - processing...
2071062C.CAD - processing...
2071063C.CAD - processing...
2071064C.CAD - processing...
2071065C.CAD - processing...
2071066C.CAD - processing...
2071067C.CAD - processing...
2071068C.CAD - processing...
2071069C.CAD - processing...
2071070C.CAD - processing...
2071071C.CAD - processing...
2071072C.CAD - processing...
2071073C.CAD - processing...
2071074C.CAD - processing...
2071075C.CAD - processing...
2071076C.CAD - processing...
2071077C.CAD - processing...
2071078C.CAD - processing...
2071079C.CAD - processing...
2071080C.CAD - processing...
2071081C.CAD - processing...
2071082C.CAD - processing...
2071083C.CAD - processing...
2071084C.CAD - processing...
2071085C.CAD - processing...
2071086C.CAD - processing...
2071087C.CAD - processing...
2071088C.CAD - processing...
2071089C.CAD - processing...
2071091C.CAD - processing...
2071092C.CAD - processing...
2071093C.CAD - processing...
2071094C.CAD - processing...
2071095C.CAD - processing...
2071096C.CAD - processing...
2071097C.CAD - processing...
2071098C.CAD - processing...
2071099C.CAD - processing...
20710A0C.CAD - processing...
20710A1C.CAD - processing...
20710A2C.CAD - processing...
20710A3C.CAD - processing...
20710A4C.CAD - processing...
20710A5C.CAD - processing...
20710A6C.CAD - processing...
20710A7C.CAD - processing...
20710A8C.CAD - processing...
20710A9C.CAD - processing...
20710B0C.CAD - processing...
20710B2C.CAD - processing...
20710B3C.CAD - processing...
20710B4C.CAD - processing...
20710B5C.CAD - processing...
20710B6C.CAD - processing...
20710B7C.CAD - processing...
20710B8C.CAD - processing...
20710B9C.CAD - processing...
20710C0C.CAD - processing...
20710C2C.CAD - processing...
20710C4C.CAD - processing...
20710C5C.CAD - processing...
20710C7C.CAD - processing...
20710D1C.CAD - processing...
20710D2C.CAD - processing...
20710D3C.CAD - processing...
20710D4C.CAD - processing...
20710D5C.CAD - processing...
20710G0C.CAD - processing...
20710G1C.CAD - processing...
20710G2C.CAD - processing...
20710G3C.CAD - processing...
20710G4C.CAD - processing...
20710G5C.CAD - processing...
20710G6C.CAD - processing...
20710G7C.CAD - processing...
20710G8C.CAD - processing...
20710G9C.CAD - processing...
20710H0C.CAD - processing...
20710H1C.CAD - processing...
20710H2C.CAD - processing...
20710H3C.CAD - processing...
20710H4C.CAD - processing...
20710H5C.CAD - processing...
20710H6C.CAD - processing...
20710H7C.CAD - processing...
20710H8C.CAD - processing...
20710H9C.CAD - processing...
20710I0C.CAD - processing...
20710I1C.CAD - processing...
20710I2C.CAD - processing...
20710I3C.CAD - processing...
20710I4C.CAD - processing...
20710I5C.CAD - processing...
20710I6C.CAD - processing...
20710I7C.CAD - processing...
20710I8C.CAD - processing...
20710I9C.CAD - processing...
20710J0C.CAD - processing...
20710J1C.CAD - processing...
20710J2C.CAD - processing...
20710J3C.CAD - processing...
20710J4C.CAD - processing...
20710J5C.CAD - processing...
20710J6C.CAD - processing...
20710J7C.CAD - processing...
20710J8C.CAD - processing...
20710J9C.CAD - processing...
20710K0C.CAD - processing...
20710K1C.CAD - processing...
20710K2C.CAD - processing...
20710K3C.CAD - processing...
20710K4C.CAD - processing...
20710K5C.CAD - processing...
20710K6C.CAD - processing...
20710K7C.CAD - processing...
20710K8C.CAD - processing...
20710K9C.CAD - processing...
20710L0C.CAD - processing...
20710L1C.CAD - processing...
20710L2C.CAD - processing...
20710L3C.CAD - processing...
20710L4C.CAD - processing...
20710L5C.CAD - processing...
20710L6C.CAD - processing...
20710L7C.CAD - processing...
20710L8C.CAD - processing...
20710L9C.CAD - processing...
20710M0C.CAD - processing...
20710M1C.CAD - processing...
20710M2C.CAD - processing...
20710M3C.CAD - processing...
20710M4C.CAD - processing...
20710M5C.CAD - processing...
20710M6C.CAD - processing...
20710M7C.CAD - processing...
20710M8C.CAD - processing...
20710M9C.CAD - processing...
20710N0C.CAD - processing...
20710N1C.CAD - processing...
20710N2C.CAD - processing...
20710N3C.CAD - processing...
20710N4C.CAD - processing...
20710N5C.CAD - processing...
20710N6C.CAD - processing...
20710N7C.CAD - processing...
20710N8C.CAD - processing...
20710N9C.CAD - processing...
20710O0C.CAD - processing...
20710O1C.CAD - processing...
20710O2C.CAD - processing...
20710O3C.CAD - processing...
20710O4C.CAD - processing...
20710O5C.CAD - processing...
20710O6C.CAD - processing...
20710O7C.CAD - processing...
20710O8C.CAD - processing...
20710O9C.CAD - processing...
20710P0C.CAD - processing...
20710P1C.CAD - processing...
20710P2C.CAD - processing...
20710P3C.CAD - processing...
20710P4C.CAD - processing...
20710P5C.CAD - processing...
20710P6C.CAD - processing...
20710S1C.CAD - processing...
20710S2C.CAD - processing...
20710S3C.CAD - processing...
20710S4C.CAD - processing...
20710S5C.CAD - processing...
20710S6C.CAD - processing...
20710T1C.CAD - processing...
20710T2C.CAD - processing...
20710T3C.CAD - processing...
20710T5C.CAD - processing...
20710T6C.CAD - processing...
20710T7C.CAD - processing...
20710T8C.CAD - processing...
20710T9C.CAD - processing...
20710Y0C.CAD - processing...
20710Y2C.CAD - processing...
20710Y9C.CAD - processing...
20710Z0C.CAD - processing...
20710Z1C.CAD - processing...
20710Z2C.CAD - processing...
20710Z3C.CAD - processing...
20710Z4C.CAD - processing...
20710Z6C.CAD - processing...
20710Z7C.CAD - processing...
20710Z8C.CAD - processing...

Resolving sheet-to-sheet references...

Generating configuration file (20710.CFG)...

---------------------------------------------------------
Statistics:
---------------------------------------------------------
  0 Errors
  0 Warnings
  RAM:    153664 bytes
  NVRAM:  42396 bytes
  CPU:    376.900 milliseconds
  blocks: 3067
---------------------------------------------------------
Cleaning up...
 