     --------------------------------------------------------------------------
     Calc Utilization Report for : Loop: 2 PCU: 7 Module: 10
     MHD Filename     : 20710.MHD
     Generated from   : List of CAD Files in C:\EWS\PROJECT\L2\P7\M10\
     Date and Time    : 11/20/2013 10:54:57 AM
     Module Type      : MFP02, Revision: F
     Loop Type        : Plant Loop
     Module ID        : AD
     Drawing Title    : 
     Drawing Number   : 
     --------------------------------------------------------------------------
     Summary Information:
     --------------------------------------------------------------------------
     Constant Blocks             : 10
     Unused Blocks               : 6941
     Used Blocks                 : 3017
     Total Blocks                : 9968
     Number of Function Codes    : 1834
     Largest contiguous group of unused blocks : 3653
     --------------------------------------------------------------------------
     Detailed Utilization Information via Sheet Number
     --------------------------------------------------------------------------
     Sheet Rev RAM         EEROM/NVRAM CPU       Blocks    
               (bytes)     (bytes)     (seconds)           
     --------------------------------------------------------------------------
         00   C        1322         356  0.000230        37
         02   C        1300         362  0.003420         5
         03   C        1020         168  0.003210        18
         04   C        1020         168  0.003210        18
         05   C         228          36  0.000600        16
         06   C         228          36  0.000600        16
         07   C         228          36  0.000600        16
         08   C         228          36  0.000600        16
         09   C         180          68  0.000560         2
         10   C         180          68  0.000560         2
         11   C          90          34  0.000280         1
         12   C          90          34  0.000280         1
         13   C          90          34  0.000280         1
         14   C        1020         168  0.003210        18
         15   C         636         168  0.037600        16
         16   C         636         168  0.037600        16
         17   C         228          36  0.000600        16
         18   C         228          36  0.000600        16
         19   C         228          36  0.000600        16
         20   C         228          36  0.000600        16
         21   C        1020         168  0.003210        18
         22   C        1020         168  0.003210        18
         23   C        1020         168  0.003210        18
         24   C         636         168  0.037600        16
         25   C         228          36  0.000600        16
         26   C         228          36  0.000600        16
         28   C         228          36  0.000600        16
         29   C         180          68  0.000560         2
         31   C         228          36  0.000600        16
         32   C         228          36  0.000600        16
         33   C         228          36  0.000600        16
         34   C         228          36  0.000600        16
         35   C         228          36  0.000600        16
         36   C         228          36  0.000600        16
         37   C         228          36  0.000600        16
         38   C         180          68  0.000560         2
         39   C         180          68  0.000560         2
         40   C          90          34  0.000280         1
         41   C          90          34  0.000280         1
         42   C        1020         168  0.003210        18
         43   C        1020         168  0.003210        18
         44   C         636         168  0.037600        16
         47   C         566         118  0.000470         7
         48   C        2304         642  0.003720        38
         49   C         878         252  0.001610        16
         50   C         786         220  0.001490        14
         51   C         630         222  0.000420        16
         52   C         736         192  0.001630        11
         53   C         736         196  0.001460        12
         54   C         382          70  0.000260         5
         55   C         132          24  0.000160         2
         56   C          66          12  0.000080         1
         57   C         132          24  0.000160         2
         58   C        1676         452  0.002380        30
         59   C         630         222  0.000420        16
         60   C         382          70  0.000260         5
         61   C         132          24  0.000160         2
         62   C          66          12  0.000080         1
         63   C        1676         452  0.002380        30
         64   C         630         222  0.000420        16
         65   C        1676         452  0.002380        30
         66   C         630         222  0.000420        16
         67   C         102          24  0.000100         2
         68   C         102          24  0.000100         2
         69   C         618         166  0.000750        11
         70   C         346          58  0.000240         4
         71   C         132          24  0.000160         2
         72   C         630         222  0.000420        16
         73   C         688         238  0.000480        17
         74   C         346          60  0.000240         3
         75   C         630         222  0.000420        16
         76   C         688         238  0.000480        17
         77   C         346          60  0.000240         3
         78   C         830         186  0.001440        11
         79   C         630         222  0.000420        16
         80   C         630         222  0.000420        16
         81   C         630         222  0.000420        16
         82   C         346          60  0.000240         3
         83   C         346          60  0.000240         3
         84   C          66          12  0.000080         1
         85   C          66          12  0.000080         1
         86   C         630         222  0.000420        16
         87   C         696         234  0.000500        17
         88   C          66          12  0.000080         1
         89   C        2068         564  0.003460        31
         91   C        1344         302  0.001040        21
         92   C         808         236  0.001510        14
         93   C         102          28  0.000120         1
         94   C         576         164  0.000860         7
         95   C         252          72  0.000280         4
         96   C         306          84  0.000360         3
         97   C         346          58  0.000240         4
         98   C        1472         378  0.002450        20
         99   C         298          42  0.000200         2
         A0   C         298          42  0.000200         2
         A1   C         818         188  0.001340        11
         A2   C         818         188  0.001340        11
         A3   C         294          88  0.000240         6
         A4   C         294          88  0.000240         6
         A5   C          66          12  0.000080         1
         A6   C         346          60  0.000240         3
         A7   C        1278         316  0.002270        17
         A8   C          66          12  0.000080         1
         A9   C         382          70  0.000260         5
         B0   C        1278         316  0.002270        17
         B2   C          66          12  0.000080         1
         B3   C         382          70  0.000260         5
         B4   C        1278         316  0.002270        17
         B5   C         540         188  0.000410        13
         B6   C        1878         488  0.003300        29
         B7   C        1510         232  0.001180        10
         B8   C         630         148  0.000460        10
         B9   C          66          12  0.000080         1
         C0   C         582         130  0.000420         9
         C2   C         298          42  0.000200         2
         C4   C         102          28  0.000120         1
         C5   C         618         166  0.000750        11
         C7   C         784         220  0.000760        11
         D1   C         300          92  0.000320         4
         D2   C         190          56  0.000230         3
         D3   C         102          28  0.000120         1
         D4   C         102          28  0.000120         1
         D5   C         168          40  0.000200         2
         G0   C         514         182  0.000360        13
         G1   C         922         316  0.000660        23
         G2   C         298          42  0.000200         2
         G3   C         890         294  0.000640        21
         G4   C         922         316  0.000660        23
         G5   C         298          42  0.000200         2
         G6   C         890         294  0.000640        21
         G7   C         768         266  0.000530        19
         G8   C         298          42  0.000200         2
         G9   C         768         266  0.000530        19
         H0   C         890         210  0.001050        10
         H1   C         734         204  0.001510        12
         H2   C         768         266  0.000530        19
         H3   C         954         264  0.001740        15
         H4   C         882         302  0.000640        22
         H5   C         298          42  0.000200         2
         H6   C         890         294  0.000640        21
         H7   C         732         254  0.000510        18
         H8   C         298          42  0.000200         2
         H9   C         768         266  0.000530        19
         I0   C         298          42  0.000200         2
         I1   C         810         226  0.001720        13
         I2   C         554         196  0.000380        14
         I3   C         514         182  0.000360        13
         I4   C         514         182  0.000360        13
         I5   C         514         182  0.000360        13
         I6   C         618         166  0.000750        11
         I7   C         514         182  0.000360        13
         I8   C         554         196  0.000380        14
         I9   C         514         182  0.000360        13
         J0   C         298          42  0.000200         2
         J1   C         514         182  0.000360        13
         J2   C         514         182  0.000360        13
         J3   C         514         182  0.000360        13
         J4   C         514         182  0.000360        13
         J5   C         514         182  0.000360        13
         J6   C         514         182  0.000360        13
         J7   C         514         182  0.000360        13
         J8   C         514         182  0.000360        13
         J9   C         514         182  0.000360        13
         K0   C         514         182  0.000360        13
         K1   C         514         182  0.000360        13
         K2   C         514         182  0.000360        13
         K3   C         618         166  0.000750        11
         K4   C         514         182  0.000360        13
         K5   C         618         166  0.000750        11
         K6   C         514         182  0.000360        13
         K7   C         514         182  0.000360        13
         K8   C         514         182  0.000360        13
         K9   C         514         182  0.000360        13
         L0   C         514         182  0.000360        13
         L1   C         514         182  0.000360        13
         L2   C         514         182  0.000360        13
         L3   C         514         182  0.000360        13
         L4   C         514         182  0.000360        13
         L5   C         514         182  0.000360        13
         L6   C        1012         324  0.000840        25
         L7   C         596          84  0.000400         4
         L8   C         746         224  0.000740        17
         L9   C         964         308  0.000800        23
         M0   C         746         224  0.000740        17
         M1   C         596          84  0.000400         4
         M2   C         514         182  0.000360        13
         M3   C         514         182  0.000360        13
         M4   C         514         182  0.000360        13
         M5   C         514         182  0.000360        13
         M6   C         768         266  0.000530        19
         M7   C         298          42  0.000200         2
         M8   C         768         266  0.000530        19
         M9   C         298          42  0.000200         2
         N0   C         768         266  0.000530        19
         N1   C         298          42  0.000200         2
         N2   C        1138         402  0.000890        25
         N3   C         298          42  0.000200         2
         N4   C        1138         402  0.000890        25
         N5   C         298          42  0.000200         2
         N6   C        1138         402  0.000890        25
         N7   C         346          60  0.000240         3
         N8   C        1138         402  0.000890        25
         N9   C         346          60  0.000240         3
         O0   C          96          30  0.000100         1
         O1   C        1138         402  0.000890        25
         O2   C         346          60  0.000240         3
         O3   C        1138         402  0.000890        25
         O4   C         298          42  0.000200         2
         O5   C        1138         402  0.000890        25
         O6   C         298          42  0.000200         2
         O7   C          96          30  0.000100         1
         O8   C        1138         402  0.000890        25
         O9   C        1138         272  0.001810        16
         P0   C        1138         402  0.000890        25
         P1   C         298          42  0.000200         2
         P2   C        1138         402  0.000890        25
         P3   C        1138         272  0.001810        16
         P4   C        1138         402  0.000890        25
         P5   C         298          42  0.000200         2
         P6   C         514         182  0.000360        13
         S1   C         514         182  0.000360        13
         S2   C         298          42  0.000200         2
         S3   C         514         182  0.000360        13
         S4   C         346          60  0.000240         3
         S5   C         514         182  0.000360        13
         S6   C         298          42  0.000200         2
         T1   C         102          28  0.000120         1
         T2   C         102          28  0.000120         1
         T3   C         482         124  0.001110         7
         T5   C         102          28  0.000120         1
         T6   C         102          28  0.000120         1
         T7   C         482         124  0.001110         7
         T8   C         482         124  0.001110         7
         T9   C         204          56  0.000240         2
         Y0   C         156          42  0.000170         2
         Y2   C          66          12  0.000080         1
         Y9   C         478         170  0.000340        12
         Z0   C        6556        1598  0.005590       107
         Z1   C        4776        1240  0.005110        69
         Z2   C         700         242  0.000510        18
         Z3   C         572         198  0.000420        14
         Z4   C        3170         560  0.044300        55
         Z5   C         572         198  0.000420        14
         Z6   C         572         198  0.000420        14
         Z7   C         572         198  0.000420        14
         Z8   C         572         198  0.000420        14
     --------------------------------------------------------------------------
     SubTotal        150382       41520  0.368210      3017
     Total           150954       41718  0.368210      3017
     Max             347568      215224         -      9998
     % Used              43          19         -        30
     --------------------------------------------------------------------------
     Detailed Utilization Information via Function Code 82 Segment(s)
     --------------------------------------------------------------------------
     Loc   SH  Target Period  Pri  # of  CPU Total % of   RAM      NVRAM    
                                   FC's  (Seconds) Target (bytes)  (bytes)  
     --------------------------------------------------------------------------
         15  00      0.350 sec    0   407   0.05589  15.97    65902    15700
       1025  00      0.400 sec    0  1418   0.26829  67.07    81544    25250
       9000  00      0.125 sec    0     9   0.04403  35.22     2936      570
     --------------------------------------------------------------------------
     Total    -      0.875 sec    -  1834   0.36821  42.08   150382    41520
     --------------------------------------------------------------------------
