Unrslvd Inp:          AO2FB-SL15/131SV-M122 ADI9-09.07 In: C:\EWS\PROJECT\L2\P7\M10\20710I9C.CAD
Unrslvd Inp:          DI4-34A/131AUX-M345rf ADN6-11.07 In: C:\EWS\PROJECT\L2\P7\M10\20710N6C.CAD
Unrslvd Inp:             AI14-SL4/131LT-120 AD53-01.07 In: C:\EWS\PROJECT\L2\P7\M10\2071053C.CAD
Unrslvd Inp:            AI9-SL14/131SC-M122 ADI9-07.07 In: C:\EWS\PROJECT\L2\P7\M10\20710I9C.CAD
Unrslvd Inp:              131HS-M105 STATUS ADH1-12.07 In: C:\EWS\PROJECT\L2\P7\M10\20710H1C.CAD
Unrslvd Inp:            AI1-SL14/131TT-M122 ADI9-02.07 In: C:\EWS\PROJECT\L2\P7\M10\20710I9C.CAD
Unrslvd Out:          DI6-34B/131XS-M424lsp AD34-10.23 In: C:\EWS\PROJECT\L2\P7\M10\2071034C.CAD
Unrslvd Out:                       AI15-21/ AD21-14.21 In: C:\EWS\PROJECT\L2\P7\M10\2071021C.CAD
Unrslvd Out:            AO2-SL15/131SV-M122 ADI9-07.26 In: C:\EWS\PROJECT\L2\P7\M10\20710I9C.CAD
Unrslvd Out:                          PULSE AD48-15.26 In: C:\EWS\PROJECT\L2\P7\M10\2071048C.CAD
Unrslvd Out:                   131LT103 LOW AD47-07.26 In: C:\EWS\PROJECT\L2\P7\M10\2071047C.CAD
Unrslvd Out:                HOT TO 131-M342 ADM0-07.28 In: C:\EWS\PROJECT\L2\P7\M10\20710M0C.CAD
Unrslvd Out:             131HS-M105 STATUS  ADG9-04.26 In: C:\EWS\PROJECT\L2\P7\M10\20710G9C.CAD
Unrslvd Out:               AI9-14/131LT-104 AD14-09.21 In: C:\EWS\PROJECT\L2\P7\M10\2071014C.CAD
Unrslvd Out:               AO1-15/131AV504B ADZ1-14.17 In: C:\EWS\PROJECT\L2\P7\M10\20710Z1C.CAD
Unrslvd Out:              AI1-14/131IT-M110 AD14-03.21 In: C:\EWS\PROJECT\L2\P7\M10\2071014C.CAD
Unrslvd Out:               AI4-21/131TT-317 AD21-05.21 In: C:\EWS\PROJECT\L2\P7\M10\2071021C.CAD
Unrslvd Out:                       131LH453 ADB8-11.26 In: C:\EWS\PROJECT\L2\P7\M10\20710B8C.CAD
Unrslvd Out:           DO4-29B/131XY-M401le ADM6-06.26 In: C:\EWS\PROJECT\L2\P7\M10\20710M6C.CAD
Unrslvd Out:                           2234 ADL5-11.26 In: C:\EWS\PROJECT\L2\P7\M10\20710L5C.CAD
Unrslvd Out:           DO6-38A/131XY-M330mc ADL4-08.26 In: C:\EWS\PROJECT\L2\P7\M10\20710L4C.CAD
Unrslvd Out:           DO4-29A/131XY-M342mc ADL9-05.26 In: C:\EWS\PROJECT\L2\P7\M10\20710L9C.CAD
Unrslvd Out:            DO6-43/131XY-M346mc ADY9-08.26 In: C:\EWS\PROJECT\L2\P7\M10\20710Y9C.CAD
Unrslvd Out:            DI5-26B/131XS-M303f AD26-09.26 In: C:\EWS\PROJECT\L2\P7\M10\2071026C.CAD
Unrslvd Out:            DO6-38A/131MC-SPARE ADZ7-08.26 In: C:\EWS\PROJECT\L2\P7\M10\20710Z7C.CAD
Unrslvd Out:                            YES AD00-03.26 In: C:\EWS\PROJECT\L2\P7\M10\2071000C.CAD
Unrslvd Out:             DI2-33B/131LSL431A AD33-06.19 In: C:\EWS\PROJECT\L2\P7\M10\2071033C.CAD
Unrslvd Out:                DO4-11/131HV137 AD64-08.26 In: C:\EWS\PROJECT\L2\P7\M10\2071064C.CAD
Unrslvd Out:            DO1-9A/131XY-M113mc ADI3-08.26 In: C:\EWS\PROJECT\L2\P7\M10\20710I3C.CAD
Unrslvd Out:                         AI5-4/ AD04-05.21 In: C:\EWS\PROJECT\L2\P7\M10\2071004C.CAD
Unrslvd Out:               AI9-4/131IT-M105 AD04-09.21 In: C:\EWS\PROJECT\L2\P7\M10\2071004C.CAD
Unrslvd Out:               DI5-20A/131XS103 AD20-09.08 In: C:\EWS\PROJECT\L2\P7\M10\2071020C.CAD
Unrslvd Out:            DI7-28B/131XS-M509f ADZ3-12.26 In: C:\EWS\PROJECT\L2\P7\M10\20710Z3C.CAD
Unrslvd Out:               DI7-20B/131XS107 AD20-11.16 In: C:\EWS\PROJECT\L2\P7\M10\2071020C.CAD
Unrslvd Out:                     131FI-0451 ADB7-09.26 In: C:\EWS\PROJECT\L2\P7\M10\20710B7C.CAD
Unrslvd Out:               DI3-19B/131XS107 AD19-07.26 In: C:\EWS\PROJECT\L2\P7\M10\2071019C.CAD
Unrslvd Out:                      AI13-SL3/ AD03-13.21 In: C:\EWS\PROJECT\L2\P7\M10\2071003C.CAD
Unrslvd Out:            DI4-17B/131SSL-M121 AD17-08.26 In: C:\EWS\PROJECT\L2\P7\M10\2071017C.CAD
Unrslvd Out:                    AI-21 SPARE AD21-03.21 In: C:\EWS\PROJECT\L2\P7\M10\2071021C.CAD
Unrslvd Out:              AO3FB-24/131LV382 AD24-07.06 In: C:\EWS\PROJECT\L2\P7\M10\2071024C.CAD
Unrslvd Out:                      AO1-SL41/ ADT3-10.26 In: C:\EWS\PROJECT\L2\P7\M10\20710T3C.CAD
Unrslvd Out:                       BYPASS G ADZ6-12.26 In: C:\EWS\PROJECT\L2\P7\M10\20710Z6C.CAD
Unrslvd Out:          DI1-17B/131XS-M110lsp AD17-05.26 In: C:\EWS\PROJECT\L2\P7\M10\2071017C.CAD
Unrslvd Out:                         pH LOW AD48-14.26 In: C:\EWS\PROJECT\L2\P7\M10\2071048C.CAD
Unrslvd Out:                      AO2-SL41/ ADT7-10.26 In: C:\EWS\PROJECT\L2\P7\M10\20710T7C.CAD
Unrslvd Out:                      AO3-SL41/ ADT8-10.26 In: C:\EWS\PROJECT\L2\P7\M10\20710T8C.CAD
Unrslvd Out:          DI2-34B/131XS-M420lsp AD34-06.23 In: C:\EWS\PROJECT\L2\P7\M10\2071034C.CAD
Unrslvd Out:               HOT TO 131-M341A ADL8-07.28 In: C:\EWS\PROJECT\L2\P7\M10\20710L8C.CAD
Unrslvd Out:                DI4-6B/131XS102 AD06-08.26 In: C:\EWS\PROJECT\L2\P7\M10\2071006C.CAD
Unrslvd Out:               DI7-6A/131LSL102 AD06-11.12 In: C:\EWS\PROJECT\L2\P7\M10\2071006C.CAD
Unrslvd Out:                        jhfjwd9 ADP6-11.26 In: C:\EWS\PROJECT\L2\P7\M10\20710P6C.CAD
Unrslvd Out:               DI4-5B/131LSL175 AD05-08.26 In: C:\EWS\PROJECT\L2\P7\M10\2071005C.CAD
